2026-05-01T12:35:03.253+05:30  INFO 12052 --- [main] c.h.d.DoctorBookingApplication           : Starting DoctorBookingApplication using Java 21.0.10 with PID 12052 (D:\LabRepo\backend\target\classes started by ASUS in D:\LabRepo\backend)
2026-05-01T12:35:03.256+05:30  INFO 12052 --- [main] c.h.d.DoctorBookingApplication           : No active profile set, falling back to 1 default profile: "default"
2026-05-01T12:35:04.101+05:30  INFO 12052 --- [main] .s.d.r.c.RepositoryConfigurationDelegate : Bootstrapping Spring Data JPA repositories in DEFAULT mode.
2026-05-01T12:35:04.188+05:30  INFO 12052 --- [main] .s.d.r.c.RepositoryConfigurationDelegate : Finished Spring Data repository scanning in 74 ms. Found 1 JPA repository interface.
2026-05-01T12:35:04.884+05:30  INFO 12052 --- [main] o.s.b.w.embedded.tomcat.TomcatWebServer  : Tomcat initialized with port 8080 (http)
2026-05-01T12:35:04.910+05:30  INFO 12052 --- [main] o.apache.catalina.core.StandardService   : Starting service [Tomcat]
2026-05-01T12:35:04.910+05:30  INFO 12052 --- [main] o.apache.catalina.core.StandardEngine    : Starting Servlet engine: [Apache Tomcat/10.1.54]
2026-05-01T12:35:05.002+05:30  INFO 12052 --- [main] o.a.c.c.C.[Tomcat].[localhost].[/]       : Initializing Spring embedded WebApplicationContext
2026-05-01T12:35:05.003+05:30  INFO 12052 --- [main] w.s.c.ServletWebServerApplicationContext : Root WebApplicationContext: initialization completed in 1684 ms
2026-05-01T12:35:05.220+05:30  INFO 12052 --- [main] o.hibernate.jpa.internal.util.LogHelper  : HHH000204: Processing PersistenceUnitInfo [name: default]
2026-05-01T12:35:05.294+05:30  INFO 12052 --- [main] org.hibernate.Version                    : HHH000412: Hibernate ORM core version 6.6.49.Final
2026-05-01T12:35:05.339+05:30  INFO 12052 --- [main] o.h.c.internal.RegionFactoryInitiator    : HHH000026: Second-level cache disabled
2026-05-01T12:35:05.683+05:30  INFO 12052 --- [main] o.s.o.j.p.SpringPersistenceUnitInfo      : No LoadTimeWeaver setup: ignoring JPA class transformer
2026-05-01T12:35:05.725+05:30  INFO 12052 --- [main] com.zaxxer.hikari.HikariDataSource       : HikariPool-1 - Starting...
2026-05-01T12:35:05.990+05:30  INFO 12052 --- [main] com.zaxxer.hikari.pool.HikariPool        : HikariPool-1 - Added connection conn0: url=jdbc:h2:mem:clinicdb user=SA
2026-05-01T12:35:05.993+05:30  INFO 12052 --- [main] com.zaxxer.hikari.HikariDataSource       : HikariPool-1 - Start completed.
2026-05-01T12:35:06.042+05:30  WARN 12052 --- [main] org.hibernate.orm.deprecation            : HHH90000025: H2Dialect does not need to be specified explicitly using 'hibernate.dialect' (remove the property setting and it will be selected by default)
2026-05-01T12:35:06.083+05:30  INFO 12052 --- [main] org.hibernate.orm.connections.pooling    : HHH10001005: Database info:
	Database JDBC URL [Connecting through datasource 'HikariDataSource (HikariPool-1)']
	Database driver: undefined/unknown
	Database version: 2.3.232
	Autocommit mode: undefined/unknown
	Isolation level: undefined/unknown
	Minimum pool size: undefined/unknown
	Maximum pool size: undefined/unknown
2026-05-01T12:35:07.004+05:30  INFO 12052 --- [main] o.h.e.t.j.p.i.JtaPlatformInitiator       : HHH000489: No JTA platform available (set 'hibernate.transaction.jta.platform' to enable JTA platform integration)
2026-05-01T12:35:07.082+05:30  INFO 12052 --- [main] j.LocalContainerEntityManagerFactoryBean : Initialized JPA EntityManagerFactory for persistence unit 'default'
2026-05-01T12:35:07.325+05:30  WARN 12052 --- [main] JpaBaseConfiguration$JpaWebConfiguration : spring.jpa.open-in-view is enabled by default. Therefore, database queries may be performed during view rendering. Explicitly configure spring.jpa.open-in-view to disable this warning
2026-05-01T12:35:07.657+05:30  INFO 12052 --- [main] o.s.b.a.h2.H2ConsoleAutoConfiguration    : H2 console available at '/h2-console'. Database available at 'jdbc:h2:mem:clinicdb'
2026-05-01T12:35:07.835+05:30  INFO 12052 --- [main] o.s.b.w.embedded.tomcat.TomcatWebServer  : Tomcat started on port 8080 (http) with context path '/'
2026-05-01T12:35:07.851+05:30  INFO 12052 --- [main] c.h.d.DoctorBookingApplication           : Started DoctorBookingApplication in 5.59 seconds (process running for 6.105)
2026-05-01T12:35:08.370+05:30  INFO 12052 --- [main] c.h.d.DoctorBookingApplication           : ✅ Sample doctors successfully added to the database!
2026-05-01T12:51:44.989+05:30  INFO 12052 --- [http-nio-8080-exec-1] o.a.c.c.C.[Tomcat].[localhost].[/]       : Initializing Spring DispatcherServlet 'dispatcherServlet'
2026-05-01T12:51:45.014+05:30  INFO 12052 --- [http-nio-8080-exec-1] o.s.web.servlet.DispatcherServlet        : Initializing Servlet 'dispatcherServlet'
2026-05-01T12:51:45.049+05:30  INFO 12052 --- [http-nio-8080-exec-1] o.s.web.servlet.DispatcherServlet        : Completed initialization in 34 ms
2026-05-01T13:12:04.511+05:30  INFO 12052 --- [SpringApplicationShutdownHook] o.s.b.w.e.tomcat.GracefulShutdown        : Commencing graceful shutdown. Waiting for active requests to complete
2026-05-01T13:12:04.806+05:30  INFO 12052 --- [tomcat-shutdown] o.s.b.w.e.tomcat.GracefulShutdown        : Graceful shutdown complete
2026-05-01T13:12:04.901+05:30  INFO 12052 --- [SpringApplicationShutdownHook] j.LocalContainerEntityManagerFactoryBean : Closing JPA EntityManagerFactory for persistence unit 'default'
2026-05-01T13:12:05.018+05:30  INFO 12052 --- [SpringApplicationShutdownHook] com.zaxxer.hikari.HikariDataSource       : HikariPool-1 - Shutdown initiated...
2026-05-01T13:12:05.087+05:30  INFO 12052 --- [SpringApplicationShutdownHook] com.zaxxer.hikari.HikariDataSource       : HikariPool-1 - Shutdown completed.
