2026-08-09T10:50:24.317+05:30  INFO 10036 --- [main] c.h.d.LabBookingApplication              : Starting LabBookingApplication using Java 21.0.10 with PID 10036 (D:\LabRepo\backend\target\classes started by ASUS in D:\LabRepo\backend)
2026-08-09T10:50:24.338+05:30  INFO 10036 --- [main] c.h.d.LabBookingApplication              : No active profile set, falling back to 1 default profile: "default"
2026-08-09T10:50:26.038+05:30  INFO 10036 --- [main] .s.d.r.c.RepositoryConfigurationDelegate : Bootstrapping Spring Data JPA repositories in DEFAULT mode.
2026-08-09T10:50:26.280+05:30  INFO 10036 --- [main] .s.d.r.c.RepositoryConfigurationDelegate : Finished Spring Data repository scanning in 226 ms. Found 2 JPA repository interfaces.
2026-08-09T10:50:26.959+05:30  INFO 10036 --- [main] o.s.b.w.embedded.tomcat.TomcatWebServer  : Tomcat initialized with port 8080 (http)
2026-08-09T10:50:26.983+05:30  INFO 10036 --- [main] o.apache.catalina.core.StandardService   : Starting service [Tomcat]
2026-08-09T10:50:26.984+05:30  INFO 10036 --- [main] o.apache.catalina.core.StandardEngine    : Starting Servlet engine: [Apache Tomcat/10.1.54]
2026-08-09T10:50:27.090+05:30  INFO 10036 --- [main] o.a.c.c.C.[Tomcat].[localhost].[/]       : Initializing Spring embedded WebApplicationContext
2026-08-09T10:50:27.091+05:30  INFO 10036 --- [main] w.s.c.ServletWebServerApplicationContext : Root WebApplicationContext: initialization completed in 2606 ms
2026-08-09T10:50:27.380+05:30  INFO 10036 --- [main] o.hibernate.jpa.internal.util.LogHelper  : HHH000204: Processing PersistenceUnitInfo [name: default]
2026-08-09T10:50:27.463+05:30  INFO 10036 --- [main] org.hibernate.Version                    : HHH000412: Hibernate ORM core version 6.6.49.Final
2026-08-09T10:50:27.513+05:30  INFO 10036 --- [main] o.h.c.internal.RegionFactoryInitiator    : HHH000026: Second-level cache disabled
2026-08-09T10:50:27.952+05:30  INFO 10036 --- [main] o.s.o.j.p.SpringPersistenceUnitInfo      : No LoadTimeWeaver setup: ignoring JPA class transformer
2026-08-09T10:50:28.030+05:30  INFO 10036 --- [main] com.zaxxer.hikari.HikariDataSource       : HikariPool-1 - Starting...
2026-08-09T10:50:28.418+05:30  INFO 10036 --- [main] com.zaxxer.hikari.pool.HikariPool        : HikariPool-1 - Added connection org.postgresql.jdbc.PgConnection@4f402027
2026-08-09T10:50:28.421+05:30  INFO 10036 --- [main] com.zaxxer.hikari.HikariDataSource       : HikariPool-1 - Start completed.
2026-08-09T10:50:28.512+05:30  WARN 10036 --- [main] org.hibernate.orm.deprecation            : HHH90000025: PostgreSQLDialect does not need to be specified explicitly using 'hibernate.dialect' (remove the property setting and it will be selected by default)
2026-08-09T10:50:28.564+05:30  INFO 10036 --- [main] org.hibernate.orm.connections.pooling    : HHH10001005: Database info:
	Database JDBC URL [Connecting through datasource 'HikariDataSource (HikariPool-1)']
	Database driver: undefined/unknown
	Database version: 18.3
	Autocommit mode: undefined/unknown
	Isolation level: undefined/unknown
	Minimum pool size: undefined/unknown
	Maximum pool size: undefined/unknown
2026-08-09T10:50:30.136+05:30  INFO 10036 --- [main] o.h.e.t.j.p.i.JtaPlatformInitiator       : HHH000489: No JTA platform available (set 'hibernate.transaction.jta.platform' to enable JTA platform integration)
2026-08-09T10:50:30.378+05:30  INFO 10036 --- [main] j.LocalContainerEntityManagerFactoryBean : Initialized JPA EntityManagerFactory for persistence unit 'default'
2026-08-09T10:50:31.221+05:30  WARN 10036 --- [main] JpaBaseConfiguration$JpaWebConfiguration : spring.jpa.open-in-view is enabled by default. Therefore, database queries may be performed during view rendering. Explicitly configure spring.jpa.open-in-view to disable this warning
2026-08-09T10:50:31.662+05:30  INFO 10036 --- [main] o.s.b.w.embedded.tomcat.TomcatWebServer  : Tomcat started on port 8080 (http) with context path '/'
2026-08-09T10:50:31.675+05:30  INFO 10036 --- [main] c.h.d.LabBookingApplication              : Started LabBookingApplication in 8.414 seconds (process running for 9.288)
2026-08-09T10:50:31.679+05:30  INFO 10036 --- [main] c.h.d.LabBookingApplication              : Lab booking backend is running and ready for requests!
2026-08-09T10:57:39.251+05:30  INFO 10036 --- [http-nio-8080-exec-2] o.a.c.c.C.[Tomcat].[localhost].[/]       : Initializing Spring DispatcherServlet 'dispatcherServlet'
2026-08-09T10:57:39.275+05:30  INFO 10036 --- [http-nio-8080-exec-2] o.s.web.servlet.DispatcherServlet        : Initializing Servlet 'dispatcherServlet'
2026-08-09T10:57:39.333+05:30  INFO 10036 --- [http-nio-8080-exec-2] o.s.web.servlet.DispatcherServlet        : Completed initialization in 57 ms
